\BOOKMARK [0][-]{chapter.1}{\376\377\176\352\213\272}{}% 1
\BOOKMARK [1][-]{section.1.1}{\376\377\170\024\172\166\200\314\146\157\116\016\141\017\116\111}{chapter.1}% 2
\BOOKMARK [2][-]{subsection.1.1.1}{\376\377\116\272\123\343\200\001\237\204\123\026\122\240\122\147\116\013\166\204\171\373\122\250\220\032\117\341\176\310\172\357\117\177\165\050\126\360\130\203}{section.1.1}% 3
\BOOKMARK [2][-]{subsection.1.1.2}{\376\377\220\002\200\001\123\026\165\333\160\271\122\126\147\220}{section.1.1}% 4
\BOOKMARK [2][-]{subsection.1.1.3}{\376\377\170\024\172\166\141\017\116\111}{section.1.1}% 5
\BOOKMARK [1][-]{section.1.2}{\376\377\126\375\121\205\131\026\170\024\172\166\163\260\162\266}{chapter.1}% 6
\BOOKMARK [2][-]{subsection.1.2.1}{\376\377\171\373\122\250\220\032\117\341\176\310\172\357\220\002\200\001\123\026\170\024\172\166\163\260\162\266}{section.1.2}% 7
\BOOKMARK [2][-]{subsection.1.2.2}{\376\377\000A\000n\000d\000r\000o\000i\000d\145\340\226\234\170\215\201\352\122\250\123\026\142\200\147\057\170\024\172\166\163\260\162\266}{section.1.2}% 8
\BOOKMARK [1][-]{section.1.3}{\376\377\116\073\211\201\170\024\172\166\121\205\133\271}{chapter.1}% 9
\BOOKMARK [1][-]{section.1.4}{\376\377\213\272\145\207\176\304\176\307\176\323\147\204}{chapter.1}% 10
\BOOKMARK [0][-]{chapter.2}{\376\377\142\200\147\057\127\372\170\100}{}% 11
\BOOKMARK [1][-]{section.2.1}{\376\377\000A\000n\000d\000r\000o\000i\000d\142\200\147\057\150\010}{chapter.2}% 12
\BOOKMARK [2][-]{subsection.2.1.1}{\376\377\000A\000n\000d\000r\000o\000i\000d\171\373\122\250\220\032\117\341\176\310\172\357\137\000\123\321\150\106\147\266\151\202\217\360}{section.2.1}% 13
\BOOKMARK [2][-]{subsection.2.1.2}{\376\377\000J\000e\000t\000p\000a\000c\000k\000\040\000C\000o\000m\000p\000o\000s\000e\130\360\146\016\137\017\000U\000I\150\106\147\266}{section.2.1}% 14
\BOOKMARK [2][-]{subsection.2.1.3}{\376\377\000M\000V\000V\000M\147\266\147\204\152\041\137\017\116\016\123\125\124\021\145\160\143\156\155\101}{section.2.1}% 15
\BOOKMARK [2][-]{subsection.2.1.4}{\376\377\000K\000o\000t\000l\000i\000n\123\117\172\013\116\016\000F\000l\000o\000w\124\315\136\224\137\017\145\160\143\156\155\101}{section.2.1}% 16
\BOOKMARK [1][-]{section.2.2}{\376\377\145\160\143\156\143\001\116\105\123\026\116\016\117\235\215\126\154\350\121\145}{chapter.2}% 17
\BOOKMARK [2][-]{subsection.2.2.1}{\376\377\000R\000o\000o\000m\145\160\143\156\136\223}{section.2.2}% 18
\BOOKMARK [2][-]{subsection.2.2.2}{\376\377\000D\000a\000t\000a\000S\000t\000o\000r\000e\120\117\131\175\133\130\120\250}{section.2.2}% 19
\BOOKMARK [2][-]{subsection.2.2.3}{\376\377\000D\000a\000g\000g\000e\000r\000-\000H\000i\000l\000t\117\235\215\126\154\350\121\145\150\106\147\266}{section.2.2}% 20
\BOOKMARK [1][-]{section.2.3}{\376\377\137\256\121\205\150\070\143\322\116\366\123\026\147\266\147\204\164\006\213\272}{chapter.2}% 21
\BOOKMARK [2][-]{subsection.2.3.1}{\376\377\137\256\121\205\150\070\147\266\147\204\140\035\140\363\123\312\121\166\127\050\176\310\172\357\136\224\165\050\116\055\166\204\217\301\171\373}{section.2.3}% 22
\BOOKMARK [2][-]{subsection.2.3.2}{\376\377\143\322\116\366\123\026\147\266\147\204\127\050\220\002\200\001\123\026\176\310\172\357\116\055\166\204\116\367\120\074}{section.2.3}% 23
\BOOKMARK [1][-]{section.2.4}{\376\377\000A\000n\000d\000r\000o\000i\000d\145\340\226\234\170\215\147\015\122\241\123\237\164\006}{chapter.2}% 24
\BOOKMARK [2][-]{subsection.2.4.1}{\376\377\145\340\226\234\170\215\147\015\122\241\166\204\127\372\147\054\135\345\117\134\147\072\122\066}{section.2.4}% 25
\BOOKMARK [2][-]{subsection.2.4.2}{\376\377\145\340\226\234\170\215\147\015\122\241\166\204\136\224\165\050\176\246\147\137\116\016\143\021\142\030}{section.2.4}% 26
\BOOKMARK [1][-]{section.2.5}{\376\377\137\256\117\341\201\352\122\250\123\026\122\237\200\375\166\204\142\200\147\057\226\276\160\271\116\016\133\236\163\260}{chapter.2}% 27
\BOOKMARK [2][-]{subsection.2.5.1}{\376\377\000U\000I\000\040\202\202\160\271\166\204\040\034\236\321\166\322\123\026\040\035\155\367\155\306\116\016\116\073\122\250\143\242\155\113\147\072\122\066}{section.2.5}% 28
\BOOKMARK [2][-]{subsection.2.5.2}{\376\377\127\372\116\216\134\102\176\247\142\323\142\121\143\007\176\271\166\204\215\350\162\110\147\054\201\352\220\002\136\224\123\071\221\115}{section.2.5}% 29
\BOOKMARK [2][-]{subsection.2.5.3}{\376\377\116\003\226\066\153\265\123\237\133\120\162\266\140\001\147\072\377\010\000F\000S\000M\377\011\166\204\171\273\145\143\123\026\155\101\217\154\152\041\127\213}{section.2.5}% 30
\BOOKMARK [2][-]{subsection.2.5.4}{\376\377\161\046\160\271\220\000\220\177\147\072\122\066\116\016\040\034\116\272\147\072\116\211\142\242\040\035\226\062\153\173\225\001\173\126\165\145}{section.2.5}% 31
\BOOKMARK [2][-]{subsection.2.5.5}{\376\377\213\355\116\111\151\375\117\115\146\040\134\004\116\016\172\172\225\364\122\152\147\235\377\010\000S\000p\000a\000t\000i\000a\000l\000\040\000P\000r\000u\000n\000i\000n\000g\377\011\214\003\117\030}{section.2.5}% 32
\BOOKMARK [0][-]{chapter.3}{\376\377\227\142\124\021\200\001\136\164\177\244\117\123\166\204\000A\000n\000d\000r\000o\000i\000d\116\244\116\222\150\114\227\142\213\276\213\241\116\016\133\236\163\260}{}% 33
\BOOKMARK [1][-]{section.3.1}{\376\377\227\000\154\102\122\006\147\220}{chapter.3}% 34
\BOOKMARK [2][-]{subsection.3.1.1}{\376\377\166\356\150\007\165\050\142\067\177\244\117\123\162\171\137\201\122\006\147\220}{section.3.1}% 35
\BOOKMARK [2][-]{subsection.3.1.2}{\376\377\122\237\200\375\140\047\227\000\154\102}{section.3.1}% 36
\BOOKMARK [2][-]{subsection.3.1.3}{\376\377\227\136\122\237\200\375\140\047\227\000\154\102}{section.3.1}% 37
\BOOKMARK [1][-]{section.3.2}{\376\377\174\373\176\337\213\276\213\241}{chapter.3}% 38
\BOOKMARK [2][-]{subsection.3.2.1}{\376\377\174\373\176\337\140\073\117\123\147\266\147\204}{section.3.2}% 39
\BOOKMARK [2][-]{subsection.3.2.2}{\376\377\145\160\143\156\136\223\213\276\213\241}{section.3.2}% 40
\BOOKMARK [1][-]{section.3.3}{\376\377\122\237\200\375\152\041\127\127\213\276\213\241\116\016\133\236\163\260}{chapter.3}% 41
\BOOKMARK [2][-]{subsection.3.3.1}{\376\377\137\000\123\321\163\257\130\203}{section.3.3}% 42
\BOOKMARK [2][-]{subsection.3.3.2}{\376\377\220\002\200\001\123\026\165\114\227\142\152\041\127\127}{section.3.3}% 43
\BOOKMARK [2][-]{subsection.3.3.3}{\376\377\137\256\117\341\201\352\122\250\123\026\166\364\217\336\152\041\127\127}{section.3.3}% 44
\BOOKMARK [2][-]{subsection.3.3.4}{\376\377\000W\000i\000F\000i\177\121\176\334\133\210\142\244\152\041\127\127}{section.3.3}% 45
\BOOKMARK [2][-]{subsection.3.3.5}{\376\377\213\355\227\363\217\205\122\251\152\041\127\127}{section.3.3}% 46
\BOOKMARK [2][-]{subsection.3.3.6}{\376\377\200\124\174\373\116\272\173\241\164\006\152\041\127\127}{section.3.3}% 47
\BOOKMARK [1][-]{section.3.4}{\376\377\217\157\116\366\144\315\117\134\155\101\172\013}{chapter.3}% 48
\BOOKMARK [2][-]{subsection.3.4.1}{\376\377\231\226\153\041\124\057\122\250\116\016\122\035\131\313\123\026\155\101\172\013}{section.3.4}% 49
\BOOKMARK [2][-]{subsection.3.4.2}{\376\377\145\345\136\070\117\177\165\050\116\073\155\101\172\013}{section.3.4}% 50
\BOOKMARK [2][-]{subsection.3.4.3}{\376\377\137\002\136\070\131\004\164\006\155\101\172\013}{section.3.4}% 51
\BOOKMARK [0][-]{chapter.4}{\376\377\217\157\116\366\155\113\213\325\116\016\122\006\147\220}{}% 52
\BOOKMARK [1][-]{section.4.1}{\376\377\122\237\200\375\155\113\213\325}{chapter.4}% 53
\BOOKMARK [2][-]{subsection.4.1.1}{\376\377\155\113\213\325\145\271\154\325\116\016\123\237\122\031}{section.4.1}% 54
\BOOKMARK [2][-]{subsection.4.1.2}{\376\377\200\124\174\373\116\272\173\241\164\006\122\237\200\375\155\113\213\325}{section.4.1}% 55
\BOOKMARK [2][-]{subsection.4.1.3}{\376\377\136\224\165\050\173\241\164\006\122\237\200\375\155\113\213\325}{section.4.1}% 56
\BOOKMARK [2][-]{subsection.4.1.4}{\376\377\137\256\117\341\116\000\225\056\166\364\142\350\122\237\200\375\155\113\213\325}{section.4.1}% 57
\BOOKMARK [2][-]{subsection.4.1.5}{\376\377\177\121\176\334\133\210\142\244\122\237\200\375\155\113\213\325}{section.4.1}% 58
\BOOKMARK [2][-]{subsection.4.1.6}{\376\377\213\355\227\363\122\251\142\113\122\237\200\375\155\113\213\325}{section.4.1}% 59
\BOOKMARK [2][-]{subsection.4.1.7}{\376\377\213\276\177\156\122\237\200\375\155\113\213\325}{section.4.1}% 60
\BOOKMARK [2][-]{subsection.4.1.8}{\376\377\122\237\200\375\155\113\213\325\176\323\147\234\154\107\140\073}{section.4.1}% 61
\BOOKMARK [1][-]{section.4.2}{\376\377\121\174\133\271\140\047\155\113\213\325}{chapter.4}% 62
\BOOKMARK [2][-]{subsection.4.2.1}{\376\377\155\113\213\325\213\276\131\007\220\011\127\213}{section.4.2}% 63
\BOOKMARK [2][-]{subsection.4.2.2}{\376\377\146\076\171\072\121\174\133\271\140\047\155\113\213\325\176\323\147\234}{section.4.2}% 64
\BOOKMARK [2][-]{subsection.4.2.3}{\376\377\174\373\176\337\162\110\147\054\121\174\133\271\140\047\155\113\213\325\176\323\147\234}{section.4.2}% 65
\BOOKMARK [2][-]{subsection.4.2.4}{\376\377\123\202\125\106\133\232\122\066\174\373\176\337\121\174\133\271\140\047\155\113\213\325\176\323\147\234}{section.4.2}% 66
\BOOKMARK [1][-]{section.4.3}{\376\377\140\047\200\375\155\113\213\325}{chapter.4}% 67
\BOOKMARK [2][-]{subsection.4.3.1}{\376\377\155\113\213\325\145\271\154\325\116\016\143\007\150\007}{section.4.3}% 68
\BOOKMARK [2][-]{subsection.4.3.2}{\376\377\124\315\136\224\145\366\225\364\155\113\213\325}{section.4.3}% 69
\BOOKMARK [2][-]{subsection.4.3.3}{\376\377\230\165\227\142\122\240\217\175\220\037\136\246\155\113\213\325}{section.4.3}% 70
\BOOKMARK [2][-]{subsection.4.3.4}{\376\377\136\166\123\321\213\277\225\356\155\113\213\325}{section.4.3}% 71
\BOOKMARK [2][-]{subsection.4.3.5}{\376\377\215\104\156\220\123\140\165\050\155\113\213\325}{section.4.3}% 72
\BOOKMARK [2][-]{subsection.4.3.6}{\376\377\140\047\200\375\117\030\123\026\143\252\145\275}{section.4.3}% 73
\BOOKMARK [2][-]{subsection.4.3.7}{\376\377\140\047\200\375\155\113\213\325\176\323\213\272}{section.4.3}% 74
\BOOKMARK [0][-]{chapter.5}{\376\377\176\323\213\272}{}% 75
\BOOKMARK [0][-]{chapter*.32}{\376\377\201\364\000\040\214\042}{}% 76
